<?xml version="1.0" encoding="UTF-8"?>
<ingv:AlternateNetworks xmlns:ingv="https://raw.githubusercontent.com/FDSN/StationXML/master/fdsn-station.xsd"><ingv:AlternateNetwork type="VIRTUAL" code="_MOST" startDate="2011-03-14T00:00:00"><Description xmlns="http://www.fdsn.org/xml/station/1">"Monitoring of Structures"</Description></ingv:AlternateNetwork><ingv:AlternateNetwork type="VIRTUAL" code="_MOST-ICO" startDate="2011-03-14T00:00:00"><Description xmlns="http://www.fdsn.org/xml/station/1">"Monitoring of Structures in Central-Eastern Italy (Italia Centro Orientale)"</Description></ingv:AlternateNetwork><ingv:AlternateNetwork type="VIRTUAL" code="_NFOTABOO" startDate="2010-04-01T00:00:00"><Description xmlns="http://www.fdsn.org/xml/station/1">"The Altotiberina Near Fault Observatory (TABOO), Italy."</Description></ingv:AlternateNetwork></ingv:AlternateNetworks>