{"type":"FeatureCollection","features":[{"type":"Feature","properties":{"code":"ACER","Name":"Acerenza","network":"IV","startDate":"2007-07-05T12:00:00","endDate":null,"Latitude":40.7867,"Longitude":15.9427,"Elevation":690},"geometry":{"type":"Point","coordinates":[15.9427,40.7867]}},{"type":"Feature","properties":{"code":"ACOM","Name":"Acomizza","network":"NI","startDate":"2005-02-01T12:00:00","endDate":"2015-12-31T23:59:59","Latitude":46.548,"Longitude":13.5137,"Elevation":1788},"geometry":{"type":"Point","coordinates":[13.5137,46.548]}},{"type":"Feature","properties":{"code":"ACOM","Name":"Acomizza","network":"OX","startDate":"2016-01-01T00:00:00","endDate":null,"Latitude":46.548,"Longitude":13.5137,"Elevation":1788},"geometry":{"type":"Point","coordinates":[13.5137,46.548]}}]}