<?xml version="1.0" encoding="UTF-8"?>
<FDSNStationXML xmlns:ingv="https://raw.githubusercontent.com/FDSN/StationXML/master/fdsn-station.xsd" xmlns:xsi="http://www.w3.org/2001/XMLSchema-instance" xmlns="http://www.fdsn.org/xml/station/1" schemaVersion="1.2" xsi:schemaLocation="http://www.fdsn.org/xml/station/1 http://www.fdsn.org/xml/station/fdsn-station-1.2.xsd"><Source>eXistDB</Source><Sender>INGV-ONT</Sender><Module>INGV-ONT WEB SERVICE: fdsnws-station | version: 1.1.60</Module><ModuleURI>/exist/apps/fdsn-station/fdsnws/station/1/query?format=xml&amp;net=IV&amp;level=network</ModuleURI><Created>2024-04-02T09:26:02.345</Created><Network code="IV" startDate="1988-01-01T00:00:00" restrictedStatus="open"><Description>Italian Seismic Network</Description><Identifier type="DOI">10.13127/CHANGED/X0FXnH7QfY</Identifier><Identifier type="NONE">ID_OF_NONE_TYPE</Identifier><Comment>La rete integrata</Comment><TotalNumberStations>7</TotalNumberStations><SelectedNumberStations>7</SelectedNumberStations></Network></FDSNStationXML>